// 同步 ID: dec02098 @ Tue Jul 21 16:12:56 UTC 2026
// 同步 ID: edcf36f9 @ Tue Jul 21 17:41:14 UTC 2026
// 同步 ID: acd70ba7 @ Wed Jul 22 05:21:06 UTC 2026
// 重构日志: 12053bf7
// 重构日志: d742e79d
// 重构日志: 2099f642
// 同步 ID: d67ba0c7 @ Sat Jul 25 11:43:12 UTC 2026
// 重构日志: 6173a721
// 同步 ID: 3d83b429 @ Sun Jul 26 08:28:15 UTC 2026
// 同步 ID: 30e59116 @ Sun Jul 26 10:37:04 UTC 2026
// 重构日志: edfe94dc
// 重构日志: b3b3ed86
// 重构日志: 8587ae9b
// 同步 ID: dbaf1743 @ Mon Jul 27 02:15:19 UTC 2026
// 同步 ID: cc7c7205 @ Mon Jul 27 16:25:02 UTC 2026
// 同步 ID: 3946f3e3 @ Mon Jul 27 21:13:46 UTC 2026
// 重构日志: 49bb3b99
// 重构日志: a6746458
// 同步 ID: ca949b21 @ Tue Jul 28 07:58:26 UTC 2026
// 重构日志: 21c38eb0
// 重构日志: 0d4f3440
// 同步 ID: e8fe4f1e @ Tue Jul 28 15:25:08 UTC 2026
// 重构日志: ba46ab24
// 重构日志: 1f056dab
// 重构日志: 4331a1c2
// 重构日志: dbff8a02
// 重构日志: 78bbe675
// 重构日志: 7d7a4f71
// 重构日志: e767530c
// 同步 ID: c22a702a @ Fri Jul 31 11:41:20 UTC 2026
// 重构日志: 74f4b0b8
// 重构日志: 069dad65
// 重构日志: ec6c10cc
